============================= test session starts =============================
platform win32 -- Python 3.13.2, pytest-9.0.1, pluggy-1.6.0 -- C:\Users\Sarit\AppData\Local\Programs\Python\Python313\python.exe
cachedir: .pytest_cache
rootdir: D:\Graphology\Master Software\Eduecosystem\backend
configfile: pytest.ini
plugins: anyio-4.11.0, asyncio-1.3.0, cov-7.0.0
asyncio: mode=Mode.STRICT, debug=False, asyncio_default_fixture_loop_scope=None, asyncio_default_test_loop_scope=function
collecting ... collected 2 items

tests/api/api_v1/test_sso_integration.py::test_sso_full_flow ERROR       [ 50%]
tests/api/api_v1/test_sso_integration.py::test_sso_saml_flow ERROR       [100%]

=================================== ERRORS ====================================
____________________ ERROR at setup of test_sso_full_flow _____________________

fixturedef = <FixtureDef argname='create_test_db' scope='session' baseid='tests'>
request = <SubRequest 'create_test_db' for <Function test_sso_full_flow>>

    @pytest.hookimpl(wrapper=True)
    def pytest_fixture_setup(fixturedef: FixtureDef, request) -> object | None:
        asyncio_mode = _get_asyncio_mode(request.config)
        if not _is_asyncio_fixture_function(fixturedef.func):
            if asyncio_mode == Mode.STRICT:
                # Ignore async fixtures without explicit asyncio mark in strict mode
                # This applies to pytest_trio fixtures, for example
>               return (yield)
                        ^^^^^

C:\Users\Sarit\AppData\Local\Programs\Python\Python313\Lib\site-packages\pytest_asyncio\plugin.py:728: 
_ _ _ _ _ _ _ _ _ _ _ _ _ _ _ _ _ _ _ _ _ _ _ _ _ _ _ _ _ _ _ _ _ _ _ _ _ _ _ _
tests\conftest.py:68: in create_test_db
    Base.metadata.create_all(bind=engine)
C:\Users\Sarit\AppData\Local\Programs\Python\Python313\Lib\site-packages\sqlalchemy\sql\schema.py:5928: in create_all
    bind._run_ddl_visitor(
C:\Users\Sarit\AppData\Local\Programs\Python\Python313\Lib\site-packages\sqlalchemy\engine\base.py:3252: in _run_ddl_visitor
    conn._run_ddl_visitor(visitorcallable, element, **kwargs)
C:\Users\Sarit\AppData\Local\Programs\Python\Python313\Lib\site-packages\sqlalchemy\engine\base.py:2459: in _run_ddl_visitor
    ).traverse_single(element)
      ^^^^^^^^^^^^^^^^^^^^^^^^
C:\Users\Sarit\AppData\Local\Programs\Python\Python313\Lib\site-packages\sqlalchemy\sql\visitors.py:661: in traverse_single
    return meth(obj, **kw)
           ^^^^^^^^^^^^^^^
C:\Users\Sarit\AppData\Local\Programs\Python\Python313\Lib\site-packages\sqlalchemy\sql\ddl.py:962: in visit_metadata
    collection = sort_tables_and_constraints(
C:\Users\Sarit\AppData\Local\Programs\Python\Python313\Lib\site-packages\sqlalchemy\sql\ddl.py:1394: in sort_tables_and_constraints
    dependent_on = fkc.referred_table
                   ^^^^^^^^^^^^^^^^^^
C:\Users\Sarit\AppData\Local\Programs\Python\Python313\Lib\site-packages\sqlalchemy\sql\schema.py:4799: in referred_table
    return self.elements[0].column.table
           ^^^^^^^^^^^^^^^^^^^^^^^
C:\Users\Sarit\AppData\Local\Programs\Python\Python313\Lib\site-packages\sqlalchemy\util\langhelpers.py:1226: in __get__
    obj.__dict__[self.__name__] = result = self.fget(obj)
                                           ^^^^^^^^^^^^^^
C:\Users\Sarit\AppData\Local\Programs\Python\Python313\Lib\site-packages\sqlalchemy\sql\schema.py:3199: in column
    return self._resolve_column()
           ^^^^^^^^^^^^^^^^^^^^^^
_ _ _ _ _ _ _ _ _ _ _ _ _ _ _ _ _ _ _ _ _ _ _ _ _ _ _ _ _ _ _ _ _ _ _ _ _ _ _ _

self = ForeignKey('payments.id')

    def _resolve_column(
        self, *, raiseerr: bool = True
    ) -> Optional[Column[Any]]:
        _column: Column[Any]
    
        if isinstance(self._colspec, str):
            parenttable, tablekey, colname = self._resolve_col_tokens()
    
            if self._unresolvable or tablekey not in parenttable.metadata:
                if not raiseerr:
                    return None
>               raise exc.NoReferencedTableError(
                    f"Foreign key associated with column "
                    f"'{self.parent}' could not find "
                    f"table '{tablekey}' with which to generate a "
                    f"foreign key to target column '{colname}'",
                    tablekey,
E                   sqlalchemy.exc.NoReferencedTableError: Foreign key associated with column 'tax_calculations.payment_id' could not find table 'payments' with which to generate a foreign key to target column 'id'

C:\Users\Sarit\AppData\Local\Programs\Python\Python313\Lib\site-packages\sqlalchemy\sql\schema.py:3222: NoReferencedTableError
____________________ ERROR at setup of test_sso_saml_flow _____________________

    @pytest.fixture(scope="session", autouse=True)
    def create_test_db():
        """Create a fresh test database for the entire test session."""
        # Create tables
>       Base.metadata.create_all(bind=engine)

tests\conftest.py:68: 
_ _ _ _ _ _ _ _ _ _ _ _ _ _ _ _ _ _ _ _ _ _ _ _ _ _ _ _ _ _ _ _ _ _ _ _ _ _ _ _
C:\Users\Sarit\AppData\Local\Programs\Python\Python313\Lib\site-packages\sqlalchemy\sql\schema.py:5928: in create_all
    bind._run_ddl_visitor(
C:\Users\Sarit\AppData\Local\Programs\Python\Python313\Lib\site-packages\sqlalchemy\engine\base.py:3252: in _run_ddl_visitor
    conn._run_ddl_visitor(visitorcallable, element, **kwargs)
C:\Users\Sarit\AppData\Local\Programs\Python\Python313\Lib\site-packages\sqlalchemy\engine\base.py:2459: in _run_ddl_visitor
    ).traverse_single(element)
      ^^^^^^^^^^^^^^^^^^^^^^^^
C:\Users\Sarit\AppData\Local\Programs\Python\Python313\Lib\site-packages\sqlalchemy\sql\visitors.py:661: in traverse_single
    return meth(obj, **kw)
           ^^^^^^^^^^^^^^^
C:\Users\Sarit\AppData\Local\Programs\Python\Python313\Lib\site-packages\sqlalchemy\sql\ddl.py:962: in visit_metadata
    collection = sort_tables_and_constraints(
C:\Users\Sarit\AppData\Local\Programs\Python\Python313\Lib\site-packages\sqlalchemy\sql\ddl.py:1394: in sort_tables_and_constraints
    dependent_on = fkc.referred_table
                   ^^^^^^^^^^^^^^^^^^
C:\Users\Sarit\AppData\Local\Programs\Python\Python313\Lib\site-packages\sqlalchemy\sql\schema.py:4799: in referred_table
    return self.elements[0].column.table
           ^^^^^^^^^^^^^^^^^^^^^^^
C:\Users\Sarit\AppData\Local\Programs\Python\Python313\Lib\site-packages\sqlalchemy\util\langhelpers.py:1226: in __get__
    obj.__dict__[self.__name__] = result = self.fget(obj)
                                           ^^^^^^^^^^^^^^
C:\Users\Sarit\AppData\Local\Programs\Python\Python313\Lib\site-packages\sqlalchemy\sql\schema.py:3199: in column
    return self._resolve_column()
           ^^^^^^^^^^^^^^^^^^^^^^
_ _ _ _ _ _ _ _ _ _ _ _ _ _ _ _ _ _ _ _ _ _ _ _ _ _ _ _ _ _ _ _ _ _ _ _ _ _ _ _

self = ForeignKey('payments.id')

    def _resolve_column(
        self, *, raiseerr: bool = True
    ) -> Optional[Column[Any]]:
        _column: Column[Any]
    
        if isinstance(self._colspec, str):
            parenttable, tablekey, colname = self._resolve_col_tokens()
    
            if self._unresolvable or tablekey not in parenttable.metadata:
                if not raiseerr:
                    return None
>               raise exc.NoReferencedTableError(
                    f"Foreign key associated with column "
                    f"'{self.parent}' could not find "
                    f"table '{tablekey}' with which to generate a "
                    f"foreign key to target column '{colname}'",
                    tablekey,
E                   sqlalchemy.exc.NoReferencedTableError: Foreign key associated with column 'tax_calculations.payment_id' could not find table 'payments' with which to generate a foreign key to target column 'id'

C:\Users\Sarit\AppData\Local\Programs\Python\Python313\Lib\site-packages\sqlalchemy\sql\schema.py:3222: NoReferencedTableError
============================== warnings summary ===============================
app\schemas\coupon.py:28
  D:\Graphology\Master Software\Eduecosystem\backend\app\schemas\coupon.py:28: PydanticDeprecatedSince20: Pydantic V1 style `@validator` validators are deprecated. You should migrate to Pydantic V2 style `@field_validator` validators, see the migration guide for more details. Deprecated in Pydantic V2.0 to be removed in V3.0. See Pydantic V2 Migration Guide at https://errors.pydantic.dev/2.12/migration/
    @validator('discount_type')

app\schemas\coupon.py:34
  D:\Graphology\Master Software\Eduecosystem\backend\app\schemas\coupon.py:34: PydanticDeprecatedSince20: Pydantic V1 style `@validator` validators are deprecated. You should migrate to Pydantic V2 style `@field_validator` validators, see the migration guide for more details. Deprecated in Pydantic V2.0 to be removed in V3.0. See Pydantic V2 Migration Guide at https://errors.pydantic.dev/2.12/migration/
    @validator('discount_value')

app\schemas\coupon.py:54
  D:\Graphology\Master Software\Eduecosystem\backend\app\schemas\coupon.py:54: PydanticDeprecatedSince20: Support for class-based `config` is deprecated, use ConfigDict instead. Deprecated in Pydantic V2.0 to be removed in V3.0. See Pydantic V2 Migration Guide at https://errors.pydantic.dev/2.12/migration/
    class Coupon(CouponBase):

C:\Users\Sarit\AppData\Local\Programs\Python\Python313\Lib\site-packages\easyocr\detection.py:81
  C:\Users\Sarit\AppData\Local\Programs\Python\Python313\Lib\site-packages\easyocr\detection.py:81: DeprecationWarning: torch.ao.quantization is deprecated and will be removed in 2.10. 
  For migrations of users: 
  1. Eager mode quantization (torch.ao.quantization.quantize, torch.ao.quantization.quantize_dynamic), please migrate to use torchao eager mode quantize_ API instead 
  2. FX graph mode quantization (torch.ao.quantization.quantize_fx.prepare_fx,torch.ao.quantization.quantize_fx.convert_fx, please migrate to use torchao pt2e quantization API instead (prepare_pt2e, convert_pt2e) 
  3. pt2e quantization has been migrated to torchao (https://github.com/pytorch/ao/tree/main/torchao/quantization/pt2e) 
  see https://github.com/pytorch/ao/issues/2259 for more details
    torch.quantization.quantize_dynamic(net, dtype=torch.qint8, inplace=True)

C:\Users\Sarit\AppData\Local\Programs\Python\Python313\Lib\site-packages\torch\ao\quantization\quantize.py:566
C:\Users\Sarit\AppData\Local\Programs\Python\Python313\Lib\site-packages\torch\ao\quantization\quantize.py:566
  C:\Users\Sarit\AppData\Local\Programs\Python\Python313\Lib\site-packages\torch\ao\quantization\quantize.py:566: DeprecationWarning: torch.ao.quantization is deprecated and will be removed in 2.10. 
  For migrations of users: 
  1. Eager mode quantization (torch.ao.quantization.quantize, torch.ao.quantization.quantize_dynamic), please migrate to use torchao eager mode quantize_ API instead 
  2. FX graph mode quantization (torch.ao.quantization.quantize_fx.prepare_fx,torch.ao.quantization.quantize_fx.convert_fx, please migrate to use torchao pt2e quantization API instead (prepare_pt2e, convert_pt2e) 
  3. pt2e quantization has been migrated to torchao (https://github.com/pytorch/ao/tree/main/torchao/quantization/pt2e) 
  see https://github.com/pytorch/ao/issues/2259 for more details
    convert(model, mapping, inplace=True)

C:\Users\Sarit\AppData\Local\Programs\Python\Python313\Lib\site-packages\easyocr\recognition.py:177
  C:\Users\Sarit\AppData\Local\Programs\Python\Python313\Lib\site-packages\easyocr\recognition.py:177: DeprecationWarning: torch.ao.quantization is deprecated and will be removed in 2.10. 
  For migrations of users: 
  1. Eager mode quantization (torch.ao.quantization.quantize, torch.ao.quantization.quantize_dynamic), please migrate to use torchao eager mode quantize_ API instead 
  2. FX graph mode quantization (torch.ao.quantization.quantize_fx.prepare_fx,torch.ao.quantization.quantize_fx.convert_fx, please migrate to use torchao pt2e quantization API instead (prepare_pt2e, convert_pt2e) 
  3. pt2e quantization has been migrated to torchao (https://github.com/pytorch/ao/tree/main/torchao/quantization/pt2e) 
  see https://github.com/pytorch/ao/issues/2259 for more details
    torch.quantization.quantize_dynamic(model, dtype=torch.qint8, inplace=True)

app\schemas\analytics.py:27
  D:\Graphology\Master Software\Eduecosystem\backend\app\schemas\analytics.py:27: PydanticDeprecatedSince20: Support for class-based `config` is deprecated, use ConfigDict instead. Deprecated in Pydantic V2.0 to be removed in V3.0. See Pydantic V2 Migration Guide at https://errors.pydantic.dev/2.12/migration/
    class InstructorAnalyticsResponse(InstructorAnalyticsBase):

app\schemas\analytics.py:95
  D:\Graphology\Master Software\Eduecosystem\backend\app\schemas\analytics.py:95: PydanticDeprecatedSince20: Support for class-based `config` is deprecated, use ConfigDict instead. Deprecated in Pydantic V2.0 to be removed in V3.0. See Pydantic V2 Migration Guide at https://errors.pydantic.dev/2.12/migration/
    class StudentAnalyticsResponse(StudentAnalyticsBase):

app\schemas\analytics.py:157
  D:\Graphology\Master Software\Eduecosystem\backend\app\schemas\analytics.py:157: PydanticDeprecatedSince20: Support for class-based `config` is deprecated, use ConfigDict instead. Deprecated in Pydantic V2.0 to be removed in V3.0. See Pydantic V2 Migration Guide at https://errors.pydantic.dev/2.12/migration/
    class PlatformAnalyticsResponse(PlatformAnalyticsBase):

app\schemas\analytics.py:239
  D:\Graphology\Master Software\Eduecosystem\backend\app\schemas\analytics.py:239: PydanticDeprecatedSince20: Support for class-based `config` is deprecated, use ConfigDict instead. Deprecated in Pydantic V2.0 to be removed in V3.0. See Pydantic V2 Migration Guide at https://errors.pydantic.dev/2.12/migration/
    class EventResponse(BaseModel):

app\schemas\marketplace.py:42
  D:\Graphology\Master Software\Eduecosystem\backend\app\schemas\marketplace.py:42: PydanticDeprecatedSince20: Support for class-based `config` is deprecated, use ConfigDict instead. Deprecated in Pydantic V2.0 to be removed in V3.0. See Pydantic V2 Migration Guide at https://errors.pydantic.dev/2.12/migration/
    class PayoutResponse(BaseModel):

C:\Users\Sarit\AppData\Local\Programs\Python\Python313\Lib\site-packages\pydantic\_internal\_config.py:383
C:\Users\Sarit\AppData\Local\Programs\Python\Python313\Lib\site-packages\pydantic\_internal\_config.py:383
C:\Users\Sarit\AppData\Local\Programs\Python\Python313\Lib\site-packages\pydantic\_internal\_config.py:383
  C:\Users\Sarit\AppData\Local\Programs\Python\Python313\Lib\site-packages\pydantic\_internal\_config.py:383: UserWarning: Valid config keys have changed in V2:
  * 'orm_mode' has been renamed to 'from_attributes'
    warnings.warn(message, UserWarning)

app\schemas\marketplace.py:78
  D:\Graphology\Master Software\Eduecosystem\backend\app\schemas\marketplace.py:78: PydanticDeprecatedSince20: Support for class-based `config` is deprecated, use ConfigDict instead. Deprecated in Pydantic V2.0 to be removed in V3.0. See Pydantic V2 Migration Guide at https://errors.pydantic.dev/2.12/migration/
    class BundleResponse(BaseModel):

app\schemas\marketplace.py:105
  D:\Graphology\Master Software\Eduecosystem\backend\app\schemas\marketplace.py:105: PydanticDeprecatedSince20: Support for class-based `config` is deprecated, use ConfigDict instead. Deprecated in Pydantic V2.0 to be removed in V3.0. See Pydantic V2 Migration Guide at https://errors.pydantic.dev/2.12/migration/
    class PlanResponse(BaseModel):

app\schemas\marketplace.py:119
  D:\Graphology\Master Software\Eduecosystem\backend\app\schemas\marketplace.py:119: PydanticDeprecatedSince20: Support for class-based `config` is deprecated, use ConfigDict instead. Deprecated in Pydantic V2.0 to be removed in V3.0. See Pydantic V2 Migration Guide at https://errors.pydantic.dev/2.12/migration/
    class SubscriptionResponse(BaseModel):

app\schemas\translation.py:36
  D:\Graphology\Master Software\Eduecosystem\backend\app\schemas\translation.py:36: PydanticDeprecatedSince20: Support for class-based `config` is deprecated, use ConfigDict instead. Deprecated in Pydantic V2.0 to be removed in V3.0. See Pydantic V2 Migration Guide at https://errors.pydantic.dev/2.12/migration/
    class Language(LanguageBase):

app\schemas\translation.py:65
  D:\Graphology\Master Software\Eduecosystem\backend\app\schemas\translation.py:65: PydanticDeprecatedSince20: Support for class-based `config` is deprecated, use ConfigDict instead. Deprecated in Pydantic V2.0 to be removed in V3.0. See Pydantic V2 Migration Guide at https://errors.pydantic.dev/2.12/migration/
    class Translation(TranslationBase):

app\schemas\translation.py:110
  D:\Graphology\Master Software\Eduecosystem\backend\app\schemas\translation.py:110: PydanticDeprecatedSince20: Support for class-based `config` is deprecated, use ConfigDict instead. Deprecated in Pydantic V2.0 to be removed in V3.0. See Pydantic V2 Migration Guide at https://errors.pydantic.dev/2.12/migration/
    class ContentTranslation(ContentTranslationBase):

app\schemas\translation.py:162
  D:\Graphology\Master Software\Eduecosystem\backend\app\schemas\translation.py:162: PydanticDeprecatedSince20: Support for class-based `config` is deprecated, use ConfigDict instead. Deprecated in Pydantic V2.0 to be removed in V3.0. See Pydantic V2 Migration Guide at https://errors.pydantic.dev/2.12/migration/
    class UserLanguagePreference(UserLanguagePreferenceBase):

app\api\api_v1\endpoints\ai_tools.py:29
  D:\Graphology\Master Software\Eduecosystem\backend\app\api\api_v1\endpoints\ai_tools.py:29: PydanticDeprecatedSince20: Support for class-based `config` is deprecated, use ConfigDict instead. Deprecated in Pydantic V2.0 to be removed in V3.0. See Pydantic V2 Migration Guide at https://errors.pydantic.dev/2.12/migration/
    class EssayGradeResponse(BaseModel):

app\api\api_v1\endpoints\ai_tools.py:61
  D:\Graphology\Master Software\Eduecosystem\backend\app\api\api_v1\endpoints\ai_tools.py:61: PydanticDeprecatedSince20: Support for class-based `config` is deprecated, use ConfigDict instead. Deprecated in Pydantic V2.0 to be removed in V3.0. See Pydantic V2 Migration Guide at https://errors.pydantic.dev/2.12/migration/
    class DifficultyAnalysisResponse(BaseModel):

app\api\api_v1\endpoints\ai_tools.py:78
  D:\Graphology\Master Software\Eduecosystem\backend\app\api\api_v1\endpoints\ai_tools.py:78: PydanticDeprecatedSince20: Support for class-based `config` is deprecated, use ConfigDict instead. Deprecated in Pydantic V2.0 to be removed in V3.0. See Pydantic V2 Migration Guide at https://errors.pydantic.dev/2.12/migration/
    class PlagiarismCheckResponse(BaseModel):

app\api\api_v1\endpoints\sso.py:45
  D:\Graphology\Master Software\Eduecosystem\backend\app\api\api_v1\endpoints\sso.py:45: PydanticDeprecatedSince20: Support for class-based `config` is deprecated, use ConfigDict instead. Deprecated in Pydantic V2.0 to be removed in V3.0. See Pydantic V2 Migration Guide at https://errors.pydantic.dev/2.12/migration/
    class OrganizationResponse(BaseModel):

app\api\api_v1\endpoints\sso.py:78
  D:\Graphology\Master Software\Eduecosystem\backend\app\api\api_v1\endpoints\sso.py:78: PydanticDeprecatedSince20: Support for class-based `config` is deprecated, use ConfigDict instead. Deprecated in Pydantic V2.0 to be removed in V3.0. See Pydantic V2 Migration Guide at https://errors.pydantic.dev/2.12/migration/
    class SSOConfigResponse(BaseModel):

app\api\api_v1\endpoints\sso.py:98
  D:\Graphology\Master Software\Eduecosystem\backend\app\api\api_v1\endpoints\sso.py:98: PydanticDeprecatedSince20: Support for class-based `config` is deprecated, use ConfigDict instead. Deprecated in Pydantic V2.0 to be removed in V3.0. See Pydantic V2 Migration Guide at https://errors.pydantic.dev/2.12/migration/
    class SSOSessionResponse(BaseModel):

app\api\api_v1\endpoints\sso.py:109
  D:\Graphology\Master Software\Eduecosystem\backend\app\api\api_v1\endpoints\sso.py:109: PydanticDeprecatedSince20: Support for class-based `config` is deprecated, use ConfigDict instead. Deprecated in Pydantic V2.0 to be removed in V3.0. See Pydantic V2 Migration Guide at https://errors.pydantic.dev/2.12/migration/
    class SSOEventResponse(BaseModel):

app\api\api_v1\endpoints\revenue_analytics.py:56
  D:\Graphology\Master Software\Eduecosystem\backend\app\api\api_v1\endpoints\revenue_analytics.py:56: DeprecationWarning: `regex` has been deprecated, please use `pattern` instead
    comparison_type: str = Query("mom", regex="^(mom|yoy|custom)$"),

app\schemas\payment_method.py:33
  D:\Graphology\Master Software\Eduecosystem\backend\app\schemas\payment_method.py:33: PydanticDeprecatedSince20: Support for class-based `config` is deprecated, use ConfigDict instead. Deprecated in Pydantic V2.0 to be removed in V3.0. See Pydantic V2 Migration Guide at https://errors.pydantic.dev/2.12/migration/
    class PaymentMethodResponse(BaseModel):

app\schemas\tax.py:55
  D:\Graphology\Master Software\Eduecosystem\backend\app\schemas\tax.py:55: PydanticDeprecatedSince20: Support for class-based `config` is deprecated, use ConfigDict instead. Deprecated in Pydantic V2.0 to be removed in V3.0. See Pydantic V2 Migration Guide at https://errors.pydantic.dev/2.12/migration/
    class TaxRateResponse(TaxRateBase):

app\schemas\tax.py:89
  D:\Graphology\Master Software\Eduecosystem\backend\app\schemas\tax.py:89: PydanticDeprecatedSince20: Support for class-based `config` is deprecated, use ConfigDict instead. Deprecated in Pydantic V2.0 to be removed in V3.0. See Pydantic V2 Migration Guide at https://errors.pydantic.dev/2.12/migration/
    class TaxCalculationDetail(BaseModel):

app\schemas\tax.py:136
  D:\Graphology\Master Software\Eduecosystem\backend\app\schemas\tax.py:136: PydanticDeprecatedSince20: Support for class-based `config` is deprecated, use ConfigDict instead. Deprecated in Pydantic V2.0 to be removed in V3.0. See Pydantic V2 Migration Guide at https://errors.pydantic.dev/2.12/migration/
    class TaxExemptionResponse(TaxExemptionBase):

app\api\api_v1\endpoints\exports.py:25
  D:\Graphology\Master Software\Eduecosystem\backend\app\api\api_v1\endpoints\exports.py:25: DeprecationWarning: `regex` has been deprecated, please use `pattern` instead
    format: str = Query("csv", regex="^(csv|pdf|json)$"),

app\api\api_v1\endpoints\exports.py:75
  D:\Graphology\Master Software\Eduecosystem\backend\app\api\api_v1\endpoints\exports.py:75: DeprecationWarning: `regex` has been deprecated, please use `pattern` instead
    format: str = Query("json", regex="^(json|pdf)$")

app\api\api_v1\endpoints\exports.py:122
  D:\Graphology\Master Software\Eduecosystem\backend\app\api\api_v1\endpoints\exports.py:122: DeprecationWarning: `regex` has been deprecated, please use `pattern` instead
    format: str = Query("json", regex="^(json|pdf)$")

app\api\api_v1\endpoints\exports.py:166
  D:\Graphology\Master Software\Eduecosystem\backend\app\api\api_v1\endpoints\exports.py:166: DeprecationWarning: `regex` has been deprecated, please use `pattern` instead
    format: str = Query("csv", regex="^(csv|pdf)$")

-- Docs: https://docs.pytest.org/en/stable/how-to/capture-warnings.html
=========================== short test summary info ===========================
ERROR tests/api/api_v1/test_sso_integration.py::test_sso_full_flow - sqlalche...
ERROR tests/api/api_v1/test_sso_integration.py::test_sso_saml_flow - sqlalche...
======================= 38 warnings, 2 errors in 1.11s ========================
